// Jest Snapshot v1, https://goo.gl/fbAQLP

exports[`Article should produce the right HTML 1`] = `
<div
  className="article"
>
  <h2 />
  <p />
</div>
`;
